*****************************************************************
      SolidWorks Corporation - IGES Processor Status Report
*****************************************************************
=================================================================
General Information
=================================================================
Sending System Product I.D.  : spider_simulator_model
Receiving System Product I.D.: 
File Name                    : spider_simulator_model
Sending System               : unknown
Preprocessor Version         : unknown
File Creation Date           : 20180116.154643
Model Creation Date          : 20180116.152447
Units                        : MM
Model Space Scale            : 1
Author                       : ashwinikumar.gupta
Organization                 : unknown


=================================================================
Entity Processing Information
=================================================================


=================================================================
Precision analysis of IGES file:
=================================================================
  Most prevalent number of significant digits:               1
  Highest number of significant digits:                     14
  Average number of significant digits:                3.22695
  Maximum distance to origin:                          50.4995
  Minimum distance to origin:                                0
  Effective number of significant digits:                   14


=================================================================
Entity Summary
=================================================================
-----------------------------------------------------------------
Type Name                                         Count Converted
---- ----                                         ----- ---------
124  Transformation matrix                           36        36
126  Rational B-spline curve                        114       114
128  Rational B-spline surface                       64        64
186  Manifold Solid B-rep Object                     19        19
308  Subfigure definition                            19        19
314  Color definition                                 5         5
406  Property                                        20        20
408  Singular subfigure instance                     37        37
502  Vertex list                                     19        19
504  Edge entity                                     19        19
508  Loop entity                                     64        64
510  Face entity                                     64        64
514  Shell entity                                    19        19
_________________________________________________________________


=================================================================
Result Summary
=================================================================
SolidWorks Feature Type                Count
-----------------------                -----
Solid feature(s)                       19
Surface feature(s)                     0
Curve/Sketch feature(s)                0
--------------------------------------------
Start time: Monday, January 22, 2018 11:18:32
Finish time: Monday, January 22, 2018 11:18:40
Processing time: 0 days, 00 hours, 00 mins, 08 secs
